---
source: tests/dashboard.rs
expression: json
---
{
  "editable": true,
  "panels": [
    {
      "collapsed": false,
      "gridPos": {
        "h": 1,
        "w": 24,
        "x": 0,
        "y": 0
      },
      "id": 1,
      "panels": [],
      "title": "requests-availability",
      "type": "row"
    },
    {
      "datasource": {
        "type": "prometheus",
        "uid": "${datasource}"
      },
      "fieldConfig": {
        "defaults": {
          "unit": "percentunit"
        },
        "overrides": []
      },
      "gridPos": {
        "h": 6,
        "w": 8,
        "x": 0,
        "y": 1
      },
      "id": 2,
      "targets": [
        {
          "datasource": {
            "type": "prometheus",
            "uid": "${datasource}"
          },
          "expr": "slo:period_error_budget_remaining:ratio{sloth_id=\"myservice-requests-availability\"}",
          "refId": "A"
        }
      ],
      "title": "Error budget remaining",
      "type": "stat"
    },
    {
      "datasource": {
        "type": "prometheus",
        "uid": "${datasource}"
      },
      "fieldConfig": {
        "defaults": {
          "unit": "none"
        },
        "overrides": []
      },
      "gridPos": {
        "h": 6,
        "w": 8,
        "x": 8,
        "y": 1
      },
      "id": 3,
      "targets": [
        {
          "datasource": {
            "type": "prometheus",
            "uid": "${datasource}"
          },
          "expr": "slo:current_burn_rate:ratio{sloth_id=\"myservice-requests-availability\"}",
          "refId": "A"
        }
      ],
      "title": "Current burn rate",
      "type": "stat"
    },
    {
      "datasource": {
        "type": "prometheus",
        "uid": "${datasource}"
      },
      "fieldConfig": {
        "defaults": {
          "unit": "percentunit"
        },
        "overrides": []
      },
      "gridPos": {
        "h": 6,
        "w": 8,
        "x": 16,
        "y": 1
      },
      "id": 4,
      "targets": [
        {
          "datasource": {
            "type": "prometheus",
            "uid": "${datasource}"
          },
          "expr": "slo:objective:ratio{sloth_id=\"myservice-requests-availability\"}",
          "refId": "A"
        }
      ],
      "title": "Objective",
      "type": "stat"
    },
    {
      "datasource": {
        "type": "prometheus",
        "uid": "${datasource}"
      },
      "fieldConfig": {
        "defaults": {
          "unit": "percentunit"
        },
        "overrides": []
      },
      "gridPos": {
        "h": 8,
        "w": 24,
        "x": 0,
        "y": 7
      },
      "id": 5,
      "targets": [
        {
          "datasource": {
            "type": "prometheus",
            "uid": "${datasource}"
          },
          "expr": "slo:sli_error:ratio_rate5m{sloth_id=\"myservice-requests-availability\"}",
          "refId": "A"
        }
      ],
      "title": "SLI error ratio (5m)",
      "type": "timeseries"
    },
    {
      "datasource": {
        "type": "prometheus",
        "uid": "${datasource}"
      },
      "fieldConfig": {
        "defaults": {
          "custom": {
            "thresholdsStyle": {
              "mode": "line"
            }
          },
          "thresholds": {
            "mode": "absolute",
            "steps": [
              {
                "color": "green",
                "value": null
              },
              {
                "color": "red",
                "value": 14.4
              }
            ]
          },
          "unit": "none"
        },
        "overrides": []
      },
      "gridPos": {
        "h": 8,
        "w": 12,
        "x": 0,
        "y": 15
      },
      "id": 6,
      "targets": [
        {
          "datasource": {
            "type": "prometheus",
            "uid": "${datasource}"
          },
          "expr": "slo:sli_error:ratio_rate1h{sloth_id=\"myservice-requests-availability\"}\n/ on(sloth_id, sloth_slo, sloth_service) group_left\nslo:error_budget:ratio{sloth_id=\"myservice-requests-availability\"}",
          "legendFormat": "long (1h)",
          "refId": "A"
        },
        {
          "datasource": {
            "type": "prometheus",
            "uid": "${datasource}"
          },
          "expr": "slo:sli_error:ratio_rate5m{sloth_id=\"myservice-requests-availability\"}\n/ on(sloth_id, sloth_slo, sloth_service) group_left\nslo:error_budget:ratio{sloth_id=\"myservice-requests-availability\"}",
          "legendFormat": "short (5m)",
          "refId": "B"
        }
      ],
      "title": "page burn rate (1h/5m, threshold 14.4x)",
      "type": "timeseries"
    },
    {
      "datasource": {
        "type": "prometheus",
        "uid": "${datasource}"
      },
      "fieldConfig": {
        "defaults": {
          "custom": {
            "thresholdsStyle": {
              "mode": "line"
            }
          },
          "thresholds": {
            "mode": "absolute",
            "steps": [
              {
                "color": "green",
                "value": null
              },
              {
                "color": "red",
                "value": 6.0
              }
            ]
          },
          "unit": "none"
        },
        "overrides": []
      },
      "gridPos": {
        "h": 8,
        "w": 12,
        "x": 12,
        "y": 15
      },
      "id": 7,
      "targets": [
        {
          "datasource": {
            "type": "prometheus",
            "uid": "${datasource}"
          },
          "expr": "slo:sli_error:ratio_rate6h{sloth_id=\"myservice-requests-availability\"}\n/ on(sloth_id, sloth_slo, sloth_service) group_left\nslo:error_budget:ratio{sloth_id=\"myservice-requests-availability\"}",
          "legendFormat": "long (6h)",
          "refId": "A"
        },
        {
          "datasource": {
            "type": "prometheus",
            "uid": "${datasource}"
          },
          "expr": "slo:sli_error:ratio_rate30m{sloth_id=\"myservice-requests-availability\"}\n/ on(sloth_id, sloth_slo, sloth_service) group_left\nslo:error_budget:ratio{sloth_id=\"myservice-requests-availability\"}",
          "legendFormat": "short (30m)",
          "refId": "B"
        }
      ],
      "title": "page burn rate (6h/30m, threshold 6x)",
      "type": "timeseries"
    },
    {
      "datasource": {
        "type": "prometheus",
        "uid": "${datasource}"
      },
      "fieldConfig": {
        "defaults": {
          "custom": {
            "thresholdsStyle": {
              "mode": "line"
            }
          },
          "thresholds": {
            "mode": "absolute",
            "steps": [
              {
                "color": "green",
                "value": null
              },
              {
                "color": "red",
                "value": 3.0
              }
            ]
          },
          "unit": "none"
        },
        "overrides": []
      },
      "gridPos": {
        "h": 8,
        "w": 12,
        "x": 0,
        "y": 23
      },
      "id": 8,
      "targets": [
        {
          "datasource": {
            "type": "prometheus",
            "uid": "${datasource}"
          },
          "expr": "slo:sli_error:ratio_rate1d{sloth_id=\"myservice-requests-availability\"}\n/ on(sloth_id, sloth_slo, sloth_service) group_left\nslo:error_budget:ratio{sloth_id=\"myservice-requests-availability\"}",
          "legendFormat": "long (1d)",
          "refId": "A"
        },
        {
          "datasource": {
            "type": "prometheus",
            "uid": "${datasource}"
          },
          "expr": "slo:sli_error:ratio_rate2h{sloth_id=\"myservice-requests-availability\"}\n/ on(sloth_id, sloth_slo, sloth_service) group_left\nslo:error_budget:ratio{sloth_id=\"myservice-requests-availability\"}",
          "legendFormat": "short (2h)",
          "refId": "B"
        }
      ],
      "title": "ticket burn rate (1d/2h, threshold 3x)",
      "type": "timeseries"
    },
    {
      "datasource": {
        "type": "prometheus",
        "uid": "${datasource}"
      },
      "fieldConfig": {
        "defaults": {
          "custom": {
            "thresholdsStyle": {
              "mode": "line"
            }
          },
          "thresholds": {
            "mode": "absolute",
            "steps": [
              {
                "color": "green",
                "value": null
              },
              {
                "color": "red",
                "value": 1.0
              }
            ]
          },
          "unit": "none"
        },
        "overrides": []
      },
      "gridPos": {
        "h": 8,
        "w": 12,
        "x": 12,
        "y": 23
      },
      "id": 9,
      "targets": [
        {
          "datasource": {
            "type": "prometheus",
            "uid": "${datasource}"
          },
          "expr": "slo:sli_error:ratio_rate3d{sloth_id=\"myservice-requests-availability\"}\n/ on(sloth_id, sloth_slo, sloth_service) group_left\nslo:error_budget:ratio{sloth_id=\"myservice-requests-availability\"}",
          "legendFormat": "long (3d)",
          "refId": "A"
        },
        {
          "datasource": {
            "type": "prometheus",
            "uid": "${datasource}"
          },
          "expr": "slo:sli_error:ratio_rate6h{sloth_id=\"myservice-requests-availability\"}\n/ on(sloth_id, sloth_slo, sloth_service) group_left\nslo:error_budget:ratio{sloth_id=\"myservice-requests-availability\"}",
          "legendFormat": "short (6h)",
          "refId": "B"
        }
      ],
      "title": "ticket burn rate (3d/6h, threshold 1x)",
      "type": "timeseries"
    },
    {
      "collapsed": false,
      "gridPos": {
        "h": 1,
        "w": 24,
        "x": 0,
        "y": 31
      },
      "id": 10,
      "panels": [],
      "title": "requests-latency",
      "type": "row"
    },
    {
      "datasource": {
        "type": "prometheus",
        "uid": "${datasource}"
      },
      "fieldConfig": {
        "defaults": {
          "unit": "percentunit"
        },
        "overrides": []
      },
      "gridPos": {
        "h": 6,
        "w": 8,
        "x": 0,
        "y": 32
      },
      "id": 11,
      "targets": [
        {
          "datasource": {
            "type": "prometheus",
            "uid": "${datasource}"
          },
          "expr": "slo:period_error_budget_remaining:ratio{sloth_id=\"myservice-requests-latency\"}",
          "refId": "A"
        }
      ],
      "title": "Error budget remaining",
      "type": "stat"
    },
    {
      "datasource": {
        "type": "prometheus",
        "uid": "${datasource}"
      },
      "fieldConfig": {
        "defaults": {
          "unit": "none"
        },
        "overrides": []
      },
      "gridPos": {
        "h": 6,
        "w": 8,
        "x": 8,
        "y": 32
      },
      "id": 12,
      "targets": [
        {
          "datasource": {
            "type": "prometheus",
            "uid": "${datasource}"
          },
          "expr": "slo:current_burn_rate:ratio{sloth_id=\"myservice-requests-latency\"}",
          "refId": "A"
        }
      ],
      "title": "Current burn rate",
      "type": "stat"
    },
    {
      "datasource": {
        "type": "prometheus",
        "uid": "${datasource}"
      },
      "fieldConfig": {
        "defaults": {
          "unit": "percentunit"
        },
        "overrides": []
      },
      "gridPos": {
        "h": 6,
        "w": 8,
        "x": 16,
        "y": 32
      },
      "id": 13,
      "targets": [
        {
          "datasource": {
            "type": "prometheus",
            "uid": "${datasource}"
          },
          "expr": "slo:objective:ratio{sloth_id=\"myservice-requests-latency\"}",
          "refId": "A"
        }
      ],
      "title": "Objective",
      "type": "stat"
    },
    {
      "datasource": {
        "type": "prometheus",
        "uid": "${datasource}"
      },
      "fieldConfig": {
        "defaults": {
          "unit": "percentunit"
        },
        "overrides": []
      },
      "gridPos": {
        "h": 8,
        "w": 24,
        "x": 0,
        "y": 38
      },
      "id": 14,
      "targets": [
        {
          "datasource": {
            "type": "prometheus",
            "uid": "${datasource}"
          },
          "expr": "slo:sli_error:ratio_rate5m{sloth_id=\"myservice-requests-latency\"}",
          "refId": "A"
        }
      ],
      "title": "SLI error ratio (5m)",
      "type": "timeseries"
    },
    {
      "datasource": {
        "type": "prometheus",
        "uid": "${datasource}"
      },
      "fieldConfig": {
        "defaults": {
          "custom": {
            "thresholdsStyle": {
              "mode": "line"
            }
          },
          "thresholds": {
            "mode": "absolute",
            "steps": [
              {
                "color": "green",
                "value": null
              },
              {
                "color": "red",
                "value": 14.4
              }
            ]
          },
          "unit": "none"
        },
        "overrides": []
      },
      "gridPos": {
        "h": 8,
        "w": 12,
        "x": 0,
        "y": 46
      },
      "id": 15,
      "targets": [
        {
          "datasource": {
            "type": "prometheus",
            "uid": "${datasource}"
          },
          "expr": "slo:sli_error:ratio_rate1h{sloth_id=\"myservice-requests-latency\"}\n/ on(sloth_id, sloth_slo, sloth_service) group_left\nslo:error_budget:ratio{sloth_id=\"myservice-requests-latency\"}",
          "legendFormat": "long (1h)",
          "refId": "A"
        },
        {
          "datasource": {
            "type": "prometheus",
            "uid": "${datasource}"
          },
          "expr": "slo:sli_error:ratio_rate5m{sloth_id=\"myservice-requests-latency\"}\n/ on(sloth_id, sloth_slo, sloth_service) group_left\nslo:error_budget:ratio{sloth_id=\"myservice-requests-latency\"}",
          "legendFormat": "short (5m)",
          "refId": "B"
        }
      ],
      "title": "page burn rate (1h/5m, threshold 14.4x)",
      "type": "timeseries"
    },
    {
      "datasource": {
        "type": "prometheus",
        "uid": "${datasource}"
      },
      "fieldConfig": {
        "defaults": {
          "custom": {
            "thresholdsStyle": {
              "mode": "line"
            }
          },
          "thresholds": {
            "mode": "absolute",
            "steps": [
              {
                "color": "green",
                "value": null
              },
              {
                "color": "red",
                "value": 6.0
              }
            ]
          },
          "unit": "none"
        },
        "overrides": []
      },
      "gridPos": {
        "h": 8,
        "w": 12,
        "x": 12,
        "y": 46
      },
      "id": 16,
      "targets": [
        {
          "datasource": {
            "type": "prometheus",
            "uid": "${datasource}"
          },
          "expr": "slo:sli_error:ratio_rate6h{sloth_id=\"myservice-requests-latency\"}\n/ on(sloth_id, sloth_slo, sloth_service) group_left\nslo:error_budget:ratio{sloth_id=\"myservice-requests-latency\"}",
          "legendFormat": "long (6h)",
          "refId": "A"
        },
        {
          "datasource": {
            "type": "prometheus",
            "uid": "${datasource}"
          },
          "expr": "slo:sli_error:ratio_rate30m{sloth_id=\"myservice-requests-latency\"}\n/ on(sloth_id, sloth_slo, sloth_service) group_left\nslo:error_budget:ratio{sloth_id=\"myservice-requests-latency\"}",
          "legendFormat": "short (30m)",
          "refId": "B"
        }
      ],
      "title": "page burn rate (6h/30m, threshold 6x)",
      "type": "timeseries"
    },
    {
      "datasource": {
        "type": "prometheus",
        "uid": "${datasource}"
      },
      "fieldConfig": {
        "defaults": {
          "custom": {
            "thresholdsStyle": {
              "mode": "line"
            }
          },
          "thresholds": {
            "mode": "absolute",
            "steps": [
              {
                "color": "green",
                "value": null
              },
              {
                "color": "red",
                "value": 3.0
              }
            ]
          },
          "unit": "none"
        },
        "overrides": []
      },
      "gridPos": {
        "h": 8,
        "w": 12,
        "x": 0,
        "y": 54
      },
      "id": 17,
      "targets": [
        {
          "datasource": {
            "type": "prometheus",
            "uid": "${datasource}"
          },
          "expr": "slo:sli_error:ratio_rate1d{sloth_id=\"myservice-requests-latency\"}\n/ on(sloth_id, sloth_slo, sloth_service) group_left\nslo:error_budget:ratio{sloth_id=\"myservice-requests-latency\"}",
          "legendFormat": "long (1d)",
          "refId": "A"
        },
        {
          "datasource": {
            "type": "prometheus",
            "uid": "${datasource}"
          },
          "expr": "slo:sli_error:ratio_rate2h{sloth_id=\"myservice-requests-latency\"}\n/ on(sloth_id, sloth_slo, sloth_service) group_left\nslo:error_budget:ratio{sloth_id=\"myservice-requests-latency\"}",
          "legendFormat": "short (2h)",
          "refId": "B"
        }
      ],
      "title": "ticket burn rate (1d/2h, threshold 3x)",
      "type": "timeseries"
    },
    {
      "datasource": {
        "type": "prometheus",
        "uid": "${datasource}"
      },
      "fieldConfig": {
        "defaults": {
          "custom": {
            "thresholdsStyle": {
              "mode": "line"
            }
          },
          "thresholds": {
            "mode": "absolute",
            "steps": [
              {
                "color": "green",
                "value": null
              },
              {
                "color": "red",
                "value": 1.0
              }
            ]
          },
          "unit": "none"
        },
        "overrides": []
      },
      "gridPos": {
        "h": 8,
        "w": 12,
        "x": 12,
        "y": 54
      },
      "id": 18,
      "targets": [
        {
          "datasource": {
            "type": "prometheus",
            "uid": "${datasource}"
          },
          "expr": "slo:sli_error:ratio_rate3d{sloth_id=\"myservice-requests-latency\"}\n/ on(sloth_id, sloth_slo, sloth_service) group_left\nslo:error_budget:ratio{sloth_id=\"myservice-requests-latency\"}",
          "legendFormat": "long (3d)",
          "refId": "A"
        },
        {
          "datasource": {
            "type": "prometheus",
            "uid": "${datasource}"
          },
          "expr": "slo:sli_error:ratio_rate6h{sloth_id=\"myservice-requests-latency\"}\n/ on(sloth_id, sloth_slo, sloth_service) group_left\nslo:error_budget:ratio{sloth_id=\"myservice-requests-latency\"}",
          "legendFormat": "short (6h)",
          "refId": "B"
        }
      ],
      "title": "ticket burn rate (3d/6h, threshold 1x)",
      "type": "timeseries"
    }
  ],
  "refresh": "1m",
  "schemaVersion": 39,
  "tags": [
    "slokit",
    "slo"
  ],
  "templating": {
    "list": [
      {
        "current": {},
        "hide": 0,
        "label": "Data source",
        "name": "datasource",
        "query": "prometheus",
        "refresh": 1,
        "regex": "",
        "type": "datasource"
      }
    ]
  },
  "time": {
    "from": "now-30d",
    "to": "now"
  },
  "timezone": "",
  "title": "slokit: myservice",
  "uid": "slokit-myservice"
}
